// Jest Snapshot v1, https://goo.gl/fbAQLP

exports[`render without crashing 1`] = `
<div
  className="row"
>
  <div
    className="col"
  >
    No Movie Selected
  </div>
</div>
`;
